{"phase": "states", "completed": 54}
{"phase": "discovery", "completed_states": 1}
{"phase": "discovery", "completed_states": 2}
{"phase": "discovery", "completed_states": 3}
{"phase": "discovery", "completed_states": 4}
{"phase": "discovery", "completed_states": 5}
{"phase": "discovery", "completed_states": 6}
{"phase": "discovery", "completed_states": 7}
{"phase": "discovery", "completed_states": 8}
{"phase": "discovery", "completed_states": 9}
{"phase": "discovery", "completed_states": 10}
{"phase": "discovery", "completed_states": 11}
{"phase": "discovery", "completed_states": 12}
{"phase": "discovery", "completed_states": 13}
{"phase": "discovery", "completed_states": 14}
{"phase": "discovery", "completed_states": 15}
{"phase": "discovery", "completed_states": 16}
{"phase": "discovery", "completed_states": 17}
{"phase": "discovery", "completed_states": 18}
{"phase": "discovery", "completed_states": 19}
{"phase": "discovery", "completed_states": 20}
{"phase": "discovery", "completed_states": 21}
{"phase": "discovery", "completed_states": 22}
{"phase": "discovery", "completed_states": 23}
{"phase": "discovery", "completed_states": 24}
{"phase": "discovery", "completed_states": 25}
{"phase": "discovery", "completed_states": 26}
{"phase": "discovery", "completed_states": 27}
{"phase": "discovery", "completed_states": 28}
{"phase": "discovery", "completed_states": 29}
{"phase": "discovery", "completed_states": 30}
{"phase": "discovery", "completed_states": 31}
{"phase": "discovery", "completed_states": 32}
{"phase": "discovery", "completed_states": 33}
{"phase": "discovery", "completed_states": 34}
{"phase": "discovery", "completed_states": 35}
{"phase": "discovery", "completed_states": 36}
{"phase": "discovery", "completed_states": 37}
{"phase": "discovery", "completed_states": 38}
{"phase": "discovery", "completed_states": 39}
{"phase": "discovery", "completed_states": 40}
{"phase": "discovery", "completed_states": 41}
{"phase": "discovery", "completed_states": 42}
{"phase": "discovery", "completed_states": 43}
{"phase": "discovery", "completed_states": 44}
{"phase": "discovery", "completed_states": 45}
{"phase": "discovery", "completed_states": 46}
{"phase": "discovery", "completed_states": 47}
{"phase": "discovery", "completed_states": 48}
{"phase": "discovery", "completed_states": 49}
{"phase": "discovery", "completed_states": 50}
{"phase": "discovery", "completed_states": 51}
{"phase": "discovery", "completed_states": 52}
{"phase": "discovery", "completed_states": 53}
{"phase": "discovery", "completed_states": 54}
{"phase": "validation", "completed_states": 1}
{"phase": "validation", "completed_states": 2}
{"phase": "validation", "completed_states": 3}
{"phase": "validation", "completed_states": 4}
{"phase": "validation", "completed_states": 5}
{"phase": "validation", "completed_states": 6}
{"phase": "validation", "completed_states": 7}
{"phase": "validation", "completed_states": 8}
{"phase": "validation", "completed_states": 9}
{"phase": "validation", "completed_states": 10}
{"phase": "validation", "completed_states": 11}
{"phase": "validation", "completed_states": 12}
{"phase": "validation", "completed_states": 13}
{"phase": "validation", "completed_states": 14}
{"phase": "validation", "completed_states": 15}
{"phase": "validation", "completed_states": 16}
{"phase": "validation", "completed_states": 17}
{"phase": "validation", "completed_states": 18}
{"phase": "validation", "completed_states": 19}
{"phase": "validation", "completed_states": 20}
{"phase": "validation", "completed_states": 21}
{"phase": "validation", "completed_states": 22}
{"phase": "validation", "completed_states": 23}
{"phase": "validation", "completed_states": 24}
{"phase": "validation", "completed_states": 25}
{"phase": "validation", "completed_states": 26}
{"phase": "validation", "completed_states": 27}
{"phase": "validation", "completed_states": 28}
{"phase": "validation", "completed_states": 29}
{"phase": "validation", "completed_states": 30}
{"phase": "validation", "completed_states": 31}
{"phase": "validation", "completed_states": 32}
{"phase": "validation", "completed_states": 33}
{"phase": "validation", "completed_states": 34}
{"phase": "validation", "completed_states": 35}
{"phase": "validation", "completed_states": 36}
{"phase": "validation", "completed_states": 37}
{"phase": "validation", "completed_states": 38}
{"phase": "validation", "completed_states": 39}
{"phase": "validation", "completed_states": 40}
{"phase": "validation", "completed_states": 41}
{"phase": "validation", "completed_states": 42}
{"phase": "validation", "completed_states": 43}
{"phase": "validation", "completed_states": 44}
{"phase": "validation", "completed_states": 45}
{"phase": "validation", "completed_states": 46}
{"phase": "validation", "completed_states": 47}
{"phase": "validation", "completed_states": 48}
{"phase": "validation", "completed_states": 49}
{"phase": "validation", "completed_states": 50}
{"phase": "validation", "completed_states": 51}
{"phase": "validation", "completed_states": 52}
{"phase": "validation", "completed_states": 53}
{"phase": "validation", "completed_states": 54}
{
  "candidate_count": 81,
  "collaborator_review_pending": true,
  "ddpg_training_authorized": false,
  "decision": "budget_neutral_residual_support_failed",
  "discovery_row_count": 8748,
  "execution_approvals": {
    "howard": false,
    "zhaowei": true
  },
  "execution_exception": {
    "mode": "zhaowei_directed_development_screen_20260908",
    "original_config": "experiments/configs/intertemporal_residual_allocation_headroom.json",
    "original_config_sha256": "df9ed23407dbe7cbf47050a550755027743fbf30fb4688848a4f413d80a73ca2",
    "record": "specs/2026-09-08-user-authorized-residual-screen/authorization.md",
    "record_sha256": "6103f6eb1719ee13c596addb8d58de6f863d33221487b97803297a0442f50676"
  },
  "experimental_role": "User-authorized, collaborator-unreviewed development-only R0-R2 screen. Scientific settings equal the original frozen screen. No training, new scenario, or formal confirmation.",
  "formal_confirmation_performed": false,
  "label_stability": {
    "discovery_material_candidate_pairs": 4,
    "discovery_material_selected_state_fraction": 0.0,
    "discovery_material_selected_states": 0,
    "exact_best_action_agreement": 0.2962962962962963,
    "pairwise_material_sign_agreement": 1.0,
    "pairwise_material_sign_matches": 4,
    "selected_validation_win_fraction": 0.0,
    "selected_validation_wins": 0
  },
  "mechanics": {
    "candidate_state_count": 4320,
    "covered_facility_directions": 40,
    "maximum_budget_error": 2.1316282072803006e-14,
    "noncollapsed_candidate_fraction": 0.9717592592592592,
    "noncollapsed_candidate_state_count": 4198,
    "passes": true,
    "required_facility_directions": 40
  },
  "name": "intertemporal_residual_allocation_headroom_r0_user_20260908",
  "observable_ranking_screen_authorized": false,
  "observable_ranking_screen_eligible": false,
  "optimistic_gate_passes": false,
  "optimistic_validation_oracle": {
    "by_scenario": {
      "scheduled_rotation_forward": {
        "material_state_fraction": 0.0,
        "relative_saving": 0.0026864841606589127,
        "state_count": 18
      },
      "scheduled_rotation_reverse": {
        "material_state_fraction": 0.0,
        "relative_saving": 0.002060971029447253,
        "state_count": 18
      },
      "scheduled_rotation_slower_noisy": {
        "material_state_fraction": 0.0,
        "relative_saving": 0.0024853349836987167,
        "state_count": 18
      }
    },
    "clinical_noninferior": true,
    "material_state_fraction": 0.0,
    "positive_every_scenario": true,
    "relative_saving": 0.0024090586264502133,
    "seed_scenario_clustered": {
      "count": 9,
      "mean": 0.0024118153454026057,
      "normal_95_half_width": 0.00020898221161592528,
      "sem": 0.00010662357735506392
    },
    "state_count": 54,
    "state_results": [
      {
        "baseline_cost": 608012854.6113787,
        "baseline_patients_lost": 441.2,
        "baseline_service": 0.44208085484875737,
        "candidate": "f12_increase_0.10",
        "clinical_noninferior": true,
        "epoch": 4,
        "generation_seed": 99700000,
        "material": false,
        "relative_saving": 0.004465419358369289,
        "scenario": "scheduled_rotation_forward",
        "selected_cost": 605297822.2402596,
        "selected_patients_lost": 437.2,
        "selected_service": 0.4436918591610485,
        "state_id": "scheduled_rotation_forward__g99700000__t004",
        "state_index": 0
      },
      {
        "baseline_cost": 669656172.3573098,
        "baseline_patients_lost": 517.4,
        "baseline_service": 0.46146089299102144,
        "candidate": "f12_increase_0.10",
        "clinical_noninferior": true,
        "epoch": 8,
        "generation_seed": 99700000,
        "material": false,
        "relative_saving": 0.001676871713225608,
        "scenario": "scheduled_rotation_forward",
        "selected_cost": 668533244.8642969,
        "selected_patients_lost": 515.0,
        "selected_service": 0.4619911060523526,
        "state_id": "scheduled_rotation_forward__g99700000__t008",
        "state_index": 1
      },
      {
        "baseline_cost": 743244090.5549521,
        "baseline_patients_lost": 563.0,
        "baseline_service": 0.4700601888440684,
        "candidate": "f08_increase_0.10",
        "clinical_noninferior": true,
        "epoch": 12,
        "generation_seed": 99700000,
        "material": false,
        "relative_saving": 0.0032314435144138102,
        "scenario": "scheduled_rotation_forward",
        "selected_cost": 740842339.258902,
        "selected_patients_lost": 560.2,
        "selected_service": 0.47105589913851037,
        "state_id": "scheduled_rotation_forward__g99700000__t012",
        "state_index": 2
      },
      {
        "baseline_cost": 784082455.3808684,
        "baseline_patients_lost": 637.0,
        "baseline_service": 0.4966234242684425,
        "candidate": "f01_decrease_0.10",
        "clinical_noninferior": true,
        "epoch": 16,
        "generation_seed": 99700000,
        "material": false,
        "relative_saving": 0.002646079975146521,
        "scenario": "scheduled_rotation_forward",
        "selected_cost": 782007710.4968214,
        "selected_patients_lost": 636.2,
        "selected_service": 0.49723540329087657,
        "state_id": "scheduled_rotation_forward__g99700000__t016",
        "state_index": 3
      },
      {
        "baseline_cost": 714574613.6709827,
        "baseline_patients_lost": 549.0,
        "baseline_service": 0.5228632095895668,
        "candidate": "f12_decrease_0.10",
        "clinical_noninferior": true,
        "epoch": 24,
        "generation_seed": 99700000,
        "material": false,
        "relative_saving": 0.0032242602181747765,
        "scenario": "scheduled_rotation_forward",
        "selected_cost": 712270639.1712058,
        "selected_patients_lost": 547.8,
        "selected_service": 0.5237883735468722,
        "state_id": "scheduled_rotation_forward__g99700000__t024",
        "state_index": 4
      },
      {
        "baseline_cost": 836640131.8854717,
        "baseline_patients_lost": 625.4,
        "baseline_service": 0.5327685806787432,
        "candidate": "f10_increase_0.05",
        "clinical_noninferior": true,
        "epoch": 32,
        "generation_seed": 99700000,
        "material": false,
        "relative_saving": 0.002128928985935879,
        "scenario": "scheduled_rotation_forward",
        "selected_cost": 834858984.4579035,
        "selected_patients_lost": 622.4,
        "selected_service": 0.5332698419596429,
        "state_id": "scheduled_rotation_forward__g99700000__t032",
        "state_index": 5
      },
      {
        "baseline_cost": 551234627.6265316,
        "baseline_patients_lost": 388.4,
        "baseline_service": 0.4547409845009242,
        "candidate": "f14_increase_0.10",
        "clinical_noninferior": true,
        "epoch": 4,
        "generation_seed": 99700001,
        "material": false,
        "relative_saving": 0.004095043791638742,
        "scenario": "scheduled_rotation_forward",
        "selected_cost": 548977297.6869333,
        "selected_patients_lost": 385.4,
        "selected_service": 0.45601237078811596,
        "state_id": "scheduled_rotation_forward__g99700001__t004",
        "state_index": 6
      },
      {
        "baseline_cost": 690038077.8396609,
        "baseline_patients_lost": 531.2,
        "baseline_service": 0.46457886368734974,
        "candidate": "f14_increase_0.10",
        "clinical_noninferior": true,
        "epoch": 8,
        "generation_seed": 99700001,
        "material": false,
        "relative_saving": 0.0032457660055412764,
        "scenario": "scheduled_rotation_forward",
        "selected_cost": 687798375.7040799,
        "selected_patients_lost": 527.2,
        "selected_service": 0.4659474276951888,
        "state_id": "scheduled_rotation_forward__g99700001__t008",
        "state_index": 7
      },
      {
        "baseline_cost": 847406689.0693487,
        "baseline_patients_lost": 707.0,
        "baseline_service": 0.46377057513222447,
        "candidate": "f07_increase_0.10",
        "clinical_noninferior": true,
        "epoch": 12,
        "generation_seed": 99700001,
        "material": false,
        "relative_saving": 0.0022896708082695443,
        "scenario": "scheduled_rotation_forward",
        "selected_cost": 845466406.7106543,
        "selected_patients_lost": 704.4,
        "selected_service": 0.4647662182267297,
        "state_id": "scheduled_rotation_forward__g99700001__t012",
        "state_index": 8
      },
      {
        "baseline_cost": 843229234.1257327,
        "baseline_patients_lost": 714.2,
        "baseline_service": 0.4853832894682738,
        "candidate": "f10_decrease_0.05",
        "clinical_noninferior": true,
        "epoch": 16,
        "generation_seed": 99700001,
        "material": false,
        "relative_saving": 0.0024304344906638515,
        "scenario": "scheduled_rotation_forward",
        "selected_cost": 841179820.7115774,
        "selected_patients_lost": 712.0,
        "selected_service": 0.4864637585330824,
        "state_id": "scheduled_rotation_forward__g99700001__t016",
        "state_index": 9
      },
      {
        "baseline_cost": 763068399.4261496,
        "baseline_patients_lost": 626.2,
        "baseline_service": 0.5091929546067248,
        "candidate": "f04_decrease_0.05",
        "clinical_noninferior": true,
        "epoch": 24,
        "generation_seed": 99700001,
        "material": false,
        "relative_saving": 0.0027116168815783876,
        "scenario": "scheduled_rotation_forward",
        "selected_cost": 760999250.2724667,
        "selected_patients_lost": 624.2,
        "selected_service": 0.5099654540128762,
        "state_id": "scheduled_rotation_forward__g99700001__t024",
        "state_index": 10
      },
      {
        "baseline_cost": 888399823.4836619,
        "baseline_patients_lost": 754.2,
        "baseline_service": 0.5135771179024774,
        "candidate": "f04_decrease_0.10",
        "clinical_noninferior": true,
        "epoch": 32,
        "generation_seed": 99700001,
        "material": false,
        "relative_saving": 0.002351946246577675,
        "scenario": "scheduled_rotation_forward",
        "selected_cost": 886310354.8533592,
        "selected_patients_lost": 752.6,
        "selected_service": 0.5139902795425473,
        "state_id": "scheduled_rotation_forward__g99700001__t032",
        "state_index": 11
      },
      {
        "baseline_cost": 583718850.0777673,
        "baseline_patients_lost": 422.4,
        "baseline_service": 0.46779397625337377,
        "candidate": "f14_increase_0.10",
        "clinical_noninferior": true,
        "epoch": 4,
        "generation_seed": 99700002,
        "material": false,
        "relative_saving": 0.003060858638336783,
        "scenario": "scheduled_rotation_forward",
        "selected_cost": 581932169.1931467,
        "selected_patients_lost": 420.4,
        "selected_service": 0.4688682416411062,
        "state_id": "scheduled_rotation_forward__g99700002__t004",
        "state_index": 12
      },
      {
        "baseline_cost": 621928893.8640883,
        "baseline_patients_lost": 480.8,
        "baseline_service": 0.49553003047567046,
        "candidate": "f05_increase_0.10",
        "clinical_noninferior": true,
        "epoch": 8,
        "generation_seed": 99700002,
        "material": false,
        "relative_saving": 0.003313789009241001,
        "scenario": "scheduled_rotation_forward",
        "selected_cost": 619867952.7310721,
        "selected_patients_lost": 478.2,
        "selected_service": 0.49647893251359143,
        "state_id": "scheduled_rotation_forward__g99700002__t008",
        "state_index": 13
      },
      {
        "baseline_cost": 626853026.1712276,
        "baseline_patients_lost": 465.0,
        "baseline_service": 0.5093467075090762,
        "candidate": "f10_increase_0.10",
        "clinical_noninferior": true,
        "epoch": 12,
        "generation_seed": 99700002,
        "material": false,
        "relative_saving": 0.0034249422779305404,
        "scenario": "scheduled_rotation_forward",
        "selected_cost": 624706090.739845,
        "selected_patients_lost": 461.8,
        "selected_service": 0.5102663205916946,
        "state_id": "scheduled_rotation_forward__g99700002__t012",
        "state_index": 14
      },
      {
        "baseline_cost": 885707422.967878,
        "baseline_patients_lost": 726.2,
        "baseline_service": 0.4923161618379173,
        "candidate": "f03_increase_0.05",
        "clinical_noninferior": true,
        "epoch": 16,
        "generation_seed": 99700002,
        "material": false,
        "relative_saving": 0.0020245185470848417,
        "scenario": "scheduled_rotation_forward",
        "selected_cost": 883914291.8627888,
        "selected_patients_lost": 722.8,
        "selected_service": 0.4931237337322508,
        "state_id": "scheduled_rotation_forward__g99700002__t016",
        "state_index": 15
      },
      {
        "baseline_cost": 731765793.1092975,
        "baseline_patients_lost": 588.6,
        "baseline_service": 0.5268269869548449,
        "candidate": "f12_decrease_0.05",
        "clinical_noninferior": true,
        "epoch": 24,
        "generation_seed": 99700002,
        "material": false,
        "relative_saving": 0.0017093835680995705,
        "scenario": "scheduled_rotation_forward",
        "selected_cost": 730514924.6868591,
        "selected_patients_lost": 587.4,
        "selected_service": 0.527204211442748,
        "state_id": "scheduled_rotation_forward__g99700002__t024",
        "state_index": 16
      },
      {
        "baseline_cost": 842389099.0939147,
        "baseline_patients_lost": 720.4,
        "baseline_service": 0.5358413399971553,
        "candidate": "f02_decrease_0.10",
        "clinical_noninferior": true,
        "epoch": 32,
        "generation_seed": 99700002,
        "material": false,
        "relative_saving": 0.0017378479813815848,
        "scenario": "scheduled_rotation_forward",
        "selected_cost": 840925154.8985165,
        "selected_patients_lost": 719.2,
        "selected_service": 0.5361199474224174,
        "state_id": "scheduled_rotation_forward__g99700002__t032",
        "state_index": 17
      },
      {
        "baseline_cost": 596391816.5827035,
        "baseline_patients_lost": 395.6,
        "baseline_service": 0.45651558697542305,
        "candidate": "f13_increase_0.10",
        "clinical_noninferior": true,
        "epoch": 4,
        "generation_seed": 99700000,
        "material": false,
        "relative_saving": 0.003181697244085356,
        "scenario": "scheduled_rotation_reverse",
        "selected_cost": 594494278.3834872,
        "selected_patients_lost": 393.2,
        "selected_service": 0.45768234469425045,
        "state_id": "scheduled_rotation_reverse__g99700000__t004",
        "state_index": 18
      },
      {
        "baseline_cost": 806248386.4671968,
        "baseline_patients_lost": 692.6,
        "baseline_service": 0.4814097875976766,
        "candidate": "f16_increase_0.10",
        "clinical_noninferior": true,
        "epoch": 8,
        "generation_seed": 99700000,
        "material": false,
        "relative_saving": 0.0017167602903298915,
        "scenario": "scheduled_rotation_reverse",
        "selected_cost": 804864251.2531674,
        "selected_patients_lost": 690.8,
        "selected_service": 0.48228006625094516,
        "state_id": "scheduled_rotation_reverse__g99700000__t008",
        "state_index": 19
      },
      {
        "baseline_cost": 816813035.6319854,
        "baseline_patients_lost": 732.2,
        "baseline_service": 0.49162121728453345,
        "candidate": "f11_decrease_0.10",
        "clinical_noninferior": true,
        "epoch": 12,
        "generation_seed": 99700000,
        "material": false,
        "relative_saving": 0.001651748810795066,
        "scenario": "scheduled_rotation_reverse",
        "selected_cost": 815463865.6717384,
        "selected_patients_lost": 731.4,
        "selected_service": 0.49223391786298293,
        "state_id": "scheduled_rotation_reverse__g99700000__t012",
        "state_index": 20
      },
      {
        "baseline_cost": 711364344.812199,
        "baseline_patients_lost": 578.2,
        "baseline_service": 0.5157590240370901,
        "candidate": "f10_decrease_0.05",
        "clinical_noninferior": true,
        "epoch": 16,
        "generation_seed": 99700000,
        "material": false,
        "relative_saving": 0.001555011812320332,
        "scenario": "scheduled_rotation_reverse",
        "selected_cost": 710258164.8531525,
        "selected_patients_lost": 577.6,
        "selected_service": 0.5158672628842665,
        "state_id": "scheduled_rotation_reverse__g99700000__t016",
        "state_index": 21
      },
      {
        "baseline_cost": 1029932891.0204136,
        "baseline_patients_lost": 861.2,
        "baseline_service": 0.4998592310022557,
        "candidate": "f06_increase_0.05",
        "clinical_noninferior": true,
        "epoch": 24,
        "generation_seed": 99700000,
        "material": false,
        "relative_saving": 0.0009049317794501805,
        "scenario": "scheduled_rotation_reverse",
        "selected_cost": 1029000872.0166283,
        "selected_patients_lost": 860.6,
        "selected_service": 0.5004150755861724,
        "state_id": "scheduled_rotation_reverse__g99700000__t024",
        "state_index": 22
      },
      {
        "baseline_cost": 800809230.0698326,
        "baseline_patients_lost": 657.4,
        "baseline_service": 0.5324076646776347,
        "candidate": "f00_decrease_0.10",
        "clinical_noninferior": true,
        "epoch": 32,
        "generation_seed": 99700000,
        "material": false,
        "relative_saving": 0.002728701178794237,
        "scenario": "scheduled_rotation_reverse",
        "selected_cost": 798624060.9797517,
        "selected_patients_lost": 655.6,
        "selected_service": 0.5328419991717332,
        "state_id": "scheduled_rotation_reverse__g99700000__t032",
        "state_index": 23
      },
      {
        "baseline_cost": 460638299.18852913,
        "baseline_patients_lost": 247.4,
        "baseline_service": 0.49388943319237033,
        "candidate": "f04_increase_0.05",
        "clinical_noninferior": true,
        "epoch": 4,
        "generation_seed": 99700001,
        "material": false,
        "relative_saving": 0.0035783664783204925,
        "scenario": "scheduled_rotation_reverse",
        "selected_cost": 458989966.54008234,
        "selected_patients_lost": 245.2,
        "selected_service": 0.4948604377140387,
        "state_id": "scheduled_rotation_reverse__g99700001__t004",
        "state_index": 24
      },
      {
        "baseline_cost": 736864658.4687395,
        "baseline_patients_lost": 551.4,
        "baseline_service": 0.48960012969622496,
        "candidate": "f03_increase_0.05",
        "clinical_noninferior": true,
        "epoch": 8,
        "generation_seed": 99700001,
        "material": false,
        "relative_saving": 0.0021149228448572397,
        "scenario": "scheduled_rotation_reverse",
        "selected_cost": 735306246.568976,
        "selected_patients_lost": 548.8,
        "selected_service": 0.4905873667894222,
        "state_id": "scheduled_rotation_reverse__g99700001__t008",
        "state_index": 25
      },
      {
        "baseline_cost": 874287513.1882604,
        "baseline_patients_lost": 764.4,
        "baseline_service": 0.5010711213086532,
        "candidate": "f10_decrease_0.10",
        "clinical_noninferior": true,
        "epoch": 12,
        "generation_seed": 99700001,
        "material": false,
        "relative_saving": 0.0017274074613320652,
        "scenario": "scheduled_rotation_reverse",
        "selected_cost": 872777262.4146296,
        "selected_patients_lost": 763.6,
        "selected_service": 0.5015762584841317,
        "state_id": "scheduled_rotation_reverse__g99700001__t012",
        "state_index": 26
      },
      {
        "baseline_cost": 706736780.678644,
        "baseline_patients_lost": 565.0,
        "baseline_service": 0.533273180618767,
        "candidate": "f19_decrease_0.05",
        "clinical_noninferior": true,
        "epoch": 16,
        "generation_seed": 99700001,
        "material": false,
        "relative_saving": 0.0013080952915501044,
        "scenario": "scheduled_rotation_reverse",
        "selected_cost": 705812301.6234729,
        "selected_patients_lost": 563.6,
        "selected_service": 0.5337226368413874,
        "state_id": "scheduled_rotation_reverse__g99700001__t016",
        "state_index": 27
      },
      {
        "baseline_cost": 833134194.2384287,
        "baseline_patients_lost": 670.0,
        "baseline_service": 0.5305471607794402,
        "candidate": "f00_decrease_0.10",
        "clinical_noninferior": true,
        "epoch": 24,
        "generation_seed": 99700001,
        "material": false,
        "relative_saving": 0.001865304284273594,
        "scenario": "scheduled_rotation_reverse",
        "selected_cost": 831580145.456541,
        "selected_patients_lost": 668.6,
        "selected_service": 0.5308505832137456,
        "state_id": "scheduled_rotation_reverse__g99700001__t024",
        "state_index": 28
      },
      {
        "baseline_cost": 1080804861.0986447,
        "baseline_patients_lost": 984.8,
        "baseline_service": 0.5090050316351247,
        "candidate": "f04_decrease_0.10",
        "clinical_noninferior": true,
        "epoch": 32,
        "generation_seed": 99700001,
        "material": false,
        "relative_saving": 0.0030233742731157133,
        "scenario": "scheduled_rotation_reverse",
        "selected_cost": 1077537183.4873407,
        "selected_patients_lost": 981.2,
        "selected_service": 0.509808050695225,
        "state_id": "scheduled_rotation_reverse__g99700001__t032",
        "state_index": 29
      },
      {
        "baseline_cost": 491104359.39005387,
        "baseline_patients_lost": 295.2,
        "baseline_service": 0.4865589010799761,
        "candidate": "f02_decrease_0.05",
        "clinical_noninferior": true,
        "epoch": 4,
        "generation_seed": 99700002,
        "material": false,
        "relative_saving": 0.0013058644149473568,
        "scenario": "scheduled_rotation_reverse",
        "selected_cost": 490463043.6831009,
        "selected_patients_lost": 295.2,
        "selected_service": 0.48694815357934446,
        "state_id": "scheduled_rotation_reverse__g99700002__t004",
        "state_index": 30
      },
      {
        "baseline_cost": 637674600.0973918,
        "baseline_patients_lost": 480.0,
        "baseline_service": 0.5137507160279069,
        "candidate": "f04_increase_0.05",
        "clinical_noninferior": true,
        "epoch": 8,
        "generation_seed": 99700002,
        "material": false,
        "relative_saving": 0.002726463691707833,
        "scenario": "scheduled_rotation_reverse",
        "selected_cost": 635936003.453102,
        "selected_patients_lost": 477.6,
        "selected_service": 0.5148681019479094,
        "state_id": "scheduled_rotation_reverse__g99700002__t008",
        "state_index": 31
      },
      {
        "baseline_cost": 753160827.0751277,
        "baseline_patients_lost": 618.2,
        "baseline_service": 0.5108045441183459,
        "candidate": "f05_increase_0.10",
        "clinical_noninferior": true,
        "epoch": 12,
        "generation_seed": 99700002,
        "material": false,
        "relative_saving": 0.0019608714926061554,
        "scenario": "scheduled_rotation_reverse",
        "selected_cost": 751683975.4799684,
        "selected_patients_lost": 617.4,
        "selected_service": 0.5115932472428929,
        "state_id": "scheduled_rotation_reverse__g99700002__t012",
        "state_index": 32
      },
      {
        "baseline_cost": 789127856.0324912,
        "baseline_patients_lost": 642.0,
        "baseline_service": 0.5170061466874836,
        "candidate": "f12_increase_0.05",
        "clinical_noninferior": true,
        "epoch": 16,
        "generation_seed": 99700002,
        "material": false,
        "relative_saving": 0.0018267987999456192,
        "scenario": "scheduled_rotation_reverse",
        "selected_cost": 787686278.2120874,
        "selected_patients_lost": 639.6,
        "selected_service": 0.517610319101286,
        "state_id": "scheduled_rotation_reverse__g99700002__t016",
        "state_index": 33
      },
      {
        "baseline_cost": 877050122.2520797,
        "baseline_patients_lost": 748.8,
        "baseline_service": 0.5252380649555122,
        "candidate": "f09_increase_0.10",
        "clinical_noninferior": true,
        "epoch": 24,
        "generation_seed": 99700002,
        "material": false,
        "relative_saving": 0.0011847199899488365,
        "scenario": "scheduled_rotation_reverse",
        "selected_cost": 876011063.4400606,
        "selected_patients_lost": 747.0,
        "selected_service": 0.5254549766713806,
        "state_id": "scheduled_rotation_reverse__g99700002__t024",
        "state_index": 34
      },
      {
        "baseline_cost": 791414902.5068135,
        "baseline_patients_lost": 629.6,
        "baseline_service": 0.5292578732156938,
        "candidate": "f01_decrease_0.10",
        "clinical_noninferior": true,
        "epoch": 32,
        "generation_seed": 99700002,
        "material": false,
        "relative_saving": 0.0035042454290010253,
        "scenario": "scheduled_rotation_reverse",
        "selected_cost": 788641590.4522607,
        "selected_patients_lost": 628.0,
        "selected_service": 0.5299173369425031,
        "state_id": "scheduled_rotation_reverse__g99700002__t032",
        "state_index": 35
      },
      {
        "baseline_cost": 688925122.2791634,
        "baseline_patients_lost": 515.8,
        "baseline_service": 0.413571587776702,
        "candidate": "f09_increase_0.10",
        "clinical_noninferior": true,
        "epoch": 4,
        "generation_seed": 99700000,
        "material": false,
        "relative_saving": 0.0028705735561297217,
        "scenario": "scheduled_rotation_slower_noisy",
        "selected_cost": 686947512.0409954,
        "selected_patients_lost": 514.4,
        "selected_service": 0.415020936502989,
        "state_id": "scheduled_rotation_slower_noisy__g99700000__t004",
        "state_index": 36
      },
      {
        "baseline_cost": 854297611.5857805,
        "baseline_patients_lost": 715.0,
        "baseline_service": 0.4363392087673758,
        "candidate": "f04_decrease_0.10",
        "clinical_noninferior": true,
        "epoch": 8,
        "generation_seed": 99700000,
        "material": false,
        "relative_saving": 0.0010341635093770202,
        "scenario": "scheduled_rotation_slower_noisy",
        "selected_cost": 853414128.1697305,
        "selected_patients_lost": 714.4,
        "selected_service": 0.4369346187176773,
        "state_id": "scheduled_rotation_slower_noisy__g99700000__t008",
        "state_index": 37
      },
      {
        "baseline_cost": 994584480.2672514,
        "baseline_patients_lost": 895.6,
        "baseline_service": 0.4282491436832639,
        "candidate": "f01_decrease_0.10",
        "clinical_noninferior": true,
        "epoch": 12,
        "generation_seed": 99700000,
        "material": false,
        "relative_saving": 0.002683144407051392,
        "scenario": "scheduled_rotation_slower_noisy",
        "selected_cost": 991915866.4816822,
        "selected_patients_lost": 893.0,
        "selected_service": 0.4289609108221188,
        "state_id": "scheduled_rotation_slower_noisy__g99700000__t012",
        "state_index": 38
      },
      {
        "baseline_cost": 939478468.255936,
        "baseline_patients_lost": 885.8,
        "baseline_service": 0.44037037252954325,
        "candidate": "f04_decrease_0.10",
        "clinical_noninferior": true,
        "epoch": 16,
        "generation_seed": 99700000,
        "material": false,
        "relative_saving": 0.00342592665491254,
        "scenario": "scheduled_rotation_slower_noisy",
        "selected_cost": 936259883.9298216,
        "selected_patients_lost": 881.6,
        "selected_service": 0.4413452711391693,
        "state_id": "scheduled_rotation_slower_noisy__g99700000__t016",
        "state_index": 39
      },
      {
        "baseline_cost": 778655181.8027132,
        "baseline_patients_lost": 636.2,
        "baseline_service": 0.47612435628137584,
        "candidate": "f03_decrease_0.10",
        "clinical_noninferior": true,
        "epoch": 24,
        "generation_seed": 99700000,
        "material": false,
        "relative_saving": 0.0011094644584968383,
        "scenario": "scheduled_rotation_slower_noisy",
        "selected_cost": 777791291.5530787,
        "selected_patients_lost": 635.4,
        "selected_service": 0.47633943390995787,
        "state_id": "scheduled_rotation_slower_noisy__g99700000__t024",
        "state_index": 40
      },
      {
        "baseline_cost": 623498656.8754878,
        "baseline_patients_lost": 437.2,
        "baseline_service": 0.5213991970539202,
        "candidate": "f14_increase_0.10",
        "clinical_noninferior": true,
        "epoch": 32,
        "generation_seed": 99700000,
        "material": false,
        "relative_saving": 0.003607052511144345,
        "scenario": "scheduled_rotation_slower_noisy",
        "selected_cost": 621249664.47951,
        "selected_patients_lost": 434.0,
        "selected_service": 0.5222492053341485,
        "state_id": "scheduled_rotation_slower_noisy__g99700000__t032",
        "state_index": 41
      },
      {
        "baseline_cost": 665125533.9735231,
        "baseline_patients_lost": 475.4,
        "baseline_service": 0.4077745830944973,
        "candidate": "f14_increase_0.10",
        "clinical_noninferior": true,
        "epoch": 4,
        "generation_seed": 99700001,
        "material": false,
        "relative_saving": 0.0034374170325519866,
        "scenario": "scheduled_rotation_slower_noisy",
        "selected_cost": 662839220.1342573,
        "selected_patients_lost": 472.2,
        "selected_service": 0.40919350480978167,
        "state_id": "scheduled_rotation_slower_noisy__g99700001__t004",
        "state_index": 42
      },
      {
        "baseline_cost": 788338267.5375171,
        "baseline_patients_lost": 676.0,
        "baseline_service": 0.4528886278686398,
        "candidate": "f13_increase_0.05",
        "clinical_noninferior": true,
        "epoch": 8,
        "generation_seed": 99700001,
        "material": false,
        "relative_saving": 0.0021818280616183543,
        "scenario": "scheduled_rotation_slower_noisy",
        "selected_cost": 786618248.9833561,
        "selected_patients_lost": 673.4,
        "selected_service": 0.45406134083000327,
        "state_id": "scheduled_rotation_slower_noisy__g99700001__t008",
        "state_index": 43
      },
      {
        "baseline_cost": 967366857.5707506,
        "baseline_patients_lost": 860.4,
        "baseline_service": 0.43246839113408353,
        "candidate": "f03_decrease_0.10",
        "clinical_noninferior": true,
        "epoch": 12,
        "generation_seed": 99700001,
        "material": false,
        "relative_saving": 0.0029927430660987883,
        "scenario": "scheduled_rotation_slower_noisy",
        "selected_cost": 964471777.115382,
        "selected_patients_lost": 857.8,
        "selected_service": 0.4335996454541776,
        "state_id": "scheduled_rotation_slower_noisy__g99700001__t012",
        "state_index": 44
      },
      {
        "baseline_cost": 932379383.6852818,
        "baseline_patients_lost": 864.8,
        "baseline_service": 0.4531304447628604,
        "candidate": "f03_decrease_0.10",
        "clinical_noninferior": true,
        "epoch": 16,
        "generation_seed": 99700001,
        "material": false,
        "relative_saving": 0.0035961299002474564,
        "scenario": "scheduled_rotation_slower_noisy",
        "selected_cost": 929026426.3052368,
        "selected_patients_lost": 861.6,
        "selected_service": 0.45422536557587023,
        "state_id": "scheduled_rotation_slower_noisy__g99700001__t016",
        "state_index": 45
      },
      {
        "baseline_cost": 772486810.6536021,
        "baseline_patients_lost": 661.2,
        "baseline_service": 0.48328391268188076,
        "candidate": "f09_increase_0.10",
        "clinical_noninferior": true,
        "epoch": 24,
        "generation_seed": 99700001,
        "material": false,
        "relative_saving": 0.0019076406597739754,
        "scenario": "scheduled_rotation_slower_noisy",
        "selected_cost": 771013183.4044602,
        "selected_patients_lost": 659.6,
        "selected_service": 0.48383104294299073,
        "state_id": "scheduled_rotation_slower_noisy__g99700001__t024",
        "state_index": 46
      },
      {
        "baseline_cost": 680920387.3183895,
        "baseline_patients_lost": 512.2,
        "baseline_service": 0.5134929527569607,
        "candidate": "f11_increase_0.10",
        "clinical_noninferior": true,
        "epoch": 32,
        "generation_seed": 99700001,
        "material": false,
        "relative_saving": 0.0016573550975213652,
        "scenario": "scheduled_rotation_slower_noisy",
        "selected_cost": 679791860.4434612,
        "selected_patients_lost": 510.4,
        "selected_service": 0.5137780438883901,
        "state_id": "scheduled_rotation_slower_noisy__g99700001__t032",
        "state_index": 47
      },
      {
        "baseline_cost": 698953329.7321384,
        "baseline_patients_lost": 501.6,
        "baseline_service": 0.4229579309808046,
        "candidate": "f14_increase_0.10",
        "clinical_noninferior": true,
        "epoch": 4,
        "generation_seed": 99700002,
        "material": false,
        "relative_saving": 0.0028252270560751077,
        "scenario": "scheduled_rotation_slower_noisy",
        "selected_cost": 696978627.8740454,
        "selected_patients_lost": 499.4,
        "selected_service": 0.4240372055132619,
        "state_id": "scheduled_rotation_slower_noisy__g99700002__t004",
        "state_index": 48
      },
      {
        "baseline_cost": 773711886.8162884,
        "baseline_patients_lost": 619.6,
        "baseline_service": 0.4567511080621257,
        "candidate": "f13_increase_0.10",
        "clinical_noninferior": true,
        "epoch": 8,
        "generation_seed": 99700002,
        "material": false,
        "relative_saving": 0.0028193977223280476,
        "scenario": "scheduled_rotation_slower_noisy",
        "selected_cost": 771530485.2848604,
        "selected_patients_lost": 616.8,
        "selected_service": 0.45807283243330443,
        "state_id": "scheduled_rotation_slower_noisy__g99700002__t008",
        "state_index": 49
      },
      {
        "baseline_cost": 873635503.404849,
        "baseline_patients_lost": 744.6,
        "baseline_service": 0.457266465193871,
        "candidate": "f17_increase_0.10",
        "clinical_noninferior": true,
        "epoch": 12,
        "generation_seed": 99700002,
        "material": false,
        "relative_saving": 0.0021524184059179123,
        "scenario": "scheduled_rotation_slower_noisy",
        "selected_cost": 871755074.2672571,
        "selected_patients_lost": 743.6,
        "selected_service": 0.4579910018337955,
        "state_id": "scheduled_rotation_slower_noisy__g99700002__t012",
        "state_index": 50
      },
      {
        "baseline_cost": 1011027357.3771086,
        "baseline_patients_lost": 917.6,
        "baseline_service": 0.456302033972061,
        "candidate": "f03_decrease_0.10",
        "clinical_noninferior": true,
        "epoch": 16,
        "generation_seed": 99700002,
        "material": false,
        "relative_saving": 0.0012015673962545888,
        "scenario": "scheduled_rotation_slower_noisy",
        "selected_cost": 1009812539.8677628,
        "selected_patients_lost": 916.4,
        "selected_service": 0.4567045953311283,
        "state_id": "scheduled_rotation_slower_noisy__g99700002__t016",
        "state_index": 51
      },
      {
        "baseline_cost": 936811878.2370306,
        "baseline_patients_lost": 838.8,
        "baseline_service": 0.47500252739051413,
        "candidate": "f11_increase_0.10",
        "clinical_noninferior": true,
        "epoch": 24,
        "generation_seed": 99700002,
        "material": false,
        "relative_saving": 0.0036384154981558892,
        "scenario": "scheduled_rotation_slower_noisy",
        "selected_cost": 933403367.3803965,
        "selected_patients_lost": 833.4,
        "selected_service": 0.47631396430473405,
        "state_id": "scheduled_rotation_slower_noisy__g99700002__t024",
        "state_index": 52
      },
      {
        "baseline_cost": 840723777.4251461,
        "baseline_patients_lost": 741.0,
        "baseline_service": 0.4931868100927523,
        "candidate": "f05_increase_0.10",
        "clinical_noninferior": true,
        "epoch": 32,
        "generation_seed": 99700002,
        "material": false,
        "relative_saving": 0.001733497467249318,
        "scenario": "scheduled_rotation_slower_noisy",
        "selected_cost": 839266384.8863233,
        "selected_patients_lost": 738.6,
        "selected_service": 0.49345313849919636,
        "state_id": "scheduled_rotation_slower_noisy__g99700002__t032",
        "state_index": 53
      }
    ]
  },
  "passes": false,
  "policy_training_performed": false,
  "prospective_gate_passes": false,
  "prospective_validation": {
    "by_scenario": {
      "scheduled_rotation_forward": {
        "material_state_fraction": 0.0,
        "relative_saving": 0.002160857150470189,
        "state_count": 18
      },
      "scheduled_rotation_reverse": {
        "material_state_fraction": 0.0,
        "relative_saving": 0.0014567012127716162,
        "state_count": 18
      },
      "scheduled_rotation_slower_noisy": {
        "material_state_fraction": 0.0,
        "relative_saving": 0.0020686937821915666,
        "state_count": 18
      }
    },
    "clinical_noninferior": true,
    "material_state_fraction": 0.0,
    "positive_every_scenario": true,
    "relative_saving": 0.0018961090620276822,
    "seed_scenario_clustered": {
      "count": 9,
      "mean": 0.0018995662977526325,
      "normal_95_half_width": 0.0003042281186334573,
      "sem": 0.0001552184278742129
    },
    "state_count": 54,
    "state_results": [
      {
        "baseline_cost": 608012854.6113787,
        "baseline_patients_lost": 441.2,
        "baseline_service": 0.44208085484875737,
        "candidate": "f12_increase_0.10",
        "clinical_noninferior": true,
        "epoch": 4,
        "generation_seed": 99700000,
        "material": false,
        "relative_saving": 0.004465419358369289,
        "scenario": "scheduled_rotation_forward",
        "selected_cost": 605297822.2402596,
        "selected_patients_lost": 437.2,
        "selected_service": 0.4436918591610485,
        "state_id": "scheduled_rotation_forward__g99700000__t004",
        "state_index": 0
      },
      {
        "baseline_cost": 669656172.3573098,
        "baseline_patients_lost": 517.4,
        "baseline_service": 0.46146089299102144,
        "candidate": "f05_increase_0.05",
        "clinical_noninferior": true,
        "epoch": 8,
        "generation_seed": 99700000,
        "material": false,
        "relative_saving": 0.0015328573086503857,
        "scenario": "scheduled_rotation_forward",
        "selected_cost": 668629684.9992291,
        "selected_patients_lost": 516.6,
        "selected_service": 0.46214765871923813,
        "state_id": "scheduled_rotation_forward__g99700000__t008",
        "state_index": 1
      },
      {
        "baseline_cost": 743244090.5549521,
        "baseline_patients_lost": 563.0,
        "baseline_service": 0.4700601888440684,
        "candidate": "f08_increase_0.10",
        "clinical_noninferior": true,
        "epoch": 12,
        "generation_seed": 99700000,
        "material": false,
        "relative_saving": 0.0032314435144138102,
        "scenario": "scheduled_rotation_forward",
        "selected_cost": 740842339.258902,
        "selected_patients_lost": 560.2,
        "selected_service": 0.47105589913851037,
        "state_id": "scheduled_rotation_forward__g99700000__t012",
        "state_index": 2
      },
      {
        "baseline_cost": 784082455.3808684,
        "baseline_patients_lost": 637.0,
        "baseline_service": 0.4966234242684425,
        "candidate": "f01_decrease_0.10",
        "clinical_noninferior": true,
        "epoch": 16,
        "generation_seed": 99700000,
        "material": false,
        "relative_saving": 0.002646079975146521,
        "scenario": "scheduled_rotation_forward",
        "selected_cost": 782007710.4968214,
        "selected_patients_lost": 636.2,
        "selected_service": 0.49723540329087657,
        "state_id": "scheduled_rotation_forward__g99700000__t016",
        "state_index": 3
      },
      {
        "baseline_cost": 714574613.6709827,
        "baseline_patients_lost": 549.0,
        "baseline_service": 0.5228632095895668,
        "candidate": "f12_decrease_0.10",
        "clinical_noninferior": true,
        "epoch": 24,
        "generation_seed": 99700000,
        "material": false,
        "relative_saving": 0.0032242602181747765,
        "scenario": "scheduled_rotation_forward",
        "selected_cost": 712270639.1712058,
        "selected_patients_lost": 547.8,
        "selected_service": 0.5237883735468722,
        "state_id": "scheduled_rotation_forward__g99700000__t024",
        "state_index": 4
      },
      {
        "baseline_cost": 836640131.8854717,
        "baseline_patients_lost": 625.4,
        "baseline_service": 0.5327685806787432,
        "candidate": "f02_decrease_0.10",
        "clinical_noninferior": true,
        "epoch": 32,
        "generation_seed": 99700000,
        "material": false,
        "relative_saving": 0.002102600541011723,
        "scenario": "scheduled_rotation_forward",
        "selected_cost": 834881011.8915372,
        "selected_patients_lost": 624.4,
        "selected_service": 0.5334125904807314,
        "state_id": "scheduled_rotation_forward__g99700000__t032",
        "state_index": 5
      },
      {
        "baseline_cost": 551234627.6265316,
        "baseline_patients_lost": 388.4,
        "baseline_service": 0.4547409845009242,
        "candidate": "f10_increase_0.10",
        "clinical_noninferior": true,
        "epoch": 4,
        "generation_seed": 99700001,
        "material": false,
        "relative_saving": 0.0025429798503251474,
        "scenario": "scheduled_rotation_forward",
        "selected_cost": 549832849.0756758,
        "selected_patients_lost": 386.6,
        "selected_service": 0.4557224675262016,
        "state_id": "scheduled_rotation_forward__g99700001__t004",
        "state_index": 6
      },
      {
        "baseline_cost": 690038077.8396609,
        "baseline_patients_lost": 531.2,
        "baseline_service": 0.46457886368734974,
        "candidate": "f07_increase_0.05",
        "clinical_noninferior": true,
        "epoch": 8,
        "generation_seed": 99700001,
        "material": false,
        "relative_saving": 0.0019219275122149683,
        "scenario": "scheduled_rotation_forward",
        "selected_cost": 688711874.6733849,
        "selected_patients_lost": 529.8,
        "selected_service": 0.46534313893912077,
        "state_id": "scheduled_rotation_forward__g99700001__t008",
        "state_index": 7
      },
      {
        "baseline_cost": 847406689.0693487,
        "baseline_patients_lost": 707.0,
        "baseline_service": 0.46377057513222447,
        "candidate": "f09_increase_0.10",
        "clinical_noninferior": true,
        "epoch": 12,
        "generation_seed": 99700001,
        "material": false,
        "relative_saving": 0.0009870930107065666,
        "scenario": "scheduled_rotation_forward",
        "selected_cost": 846570219.8493423,
        "selected_patients_lost": 705.8,
        "selected_service": 0.463893605526592,
        "state_id": "scheduled_rotation_forward__g99700001__t012",
        "state_index": 8
      },
      {
        "baseline_cost": 843229234.1257327,
        "baseline_patients_lost": 714.2,
        "baseline_service": 0.4853832894682738,
        "candidate": "f19_decrease_0.05",
        "clinical_noninferior": true,
        "epoch": 16,
        "generation_seed": 99700001,
        "material": false,
        "relative_saving": 0.0019686893981607913,
        "scenario": "scheduled_rotation_forward",
        "selected_cost": 841569177.6722901,
        "selected_patients_lost": 712.4,
        "selected_service": 0.4862976554663866,
        "state_id": "scheduled_rotation_forward__g99700001__t016",
        "state_index": 9
      },
      {
        "baseline_cost": 763068399.4261496,
        "baseline_patients_lost": 626.2,
        "baseline_service": 0.5091929546067248,
        "candidate": "f00_decrease_0.05",
        "clinical_noninferior": true,
        "epoch": 24,
        "generation_seed": 99700001,
        "material": false,
        "relative_saving": 0.0019357957829820261,
        "scenario": "scheduled_rotation_forward",
        "selected_cost": 761591254.8364136,
        "selected_patients_lost": 625.4,
        "selected_service": 0.5096200008327749,
        "state_id": "scheduled_rotation_forward__g99700001__t024",
        "state_index": 10
      },
      {
        "baseline_cost": 888399823.4836619,
        "baseline_patients_lost": 754.2,
        "baseline_service": 0.5135771179024774,
        "candidate": "f02_decrease_0.10",
        "clinical_noninferior": true,
        "epoch": 32,
        "generation_seed": 99700001,
        "material": false,
        "relative_saving": 0.001787354138929422,
        "scenario": "scheduled_rotation_forward",
        "selected_cost": 886811938.3821342,
        "selected_patients_lost": 753.4,
        "selected_service": 0.5139566265053607,
        "state_id": "scheduled_rotation_forward__g99700001__t032",
        "state_index": 11
      },
      {
        "baseline_cost": 583718850.0777673,
        "baseline_patients_lost": 422.4,
        "baseline_service": 0.46779397625337377,
        "candidate": "f14_increase_0.10",
        "clinical_noninferior": true,
        "epoch": 4,
        "generation_seed": 99700002,
        "material": false,
        "relative_saving": 0.003060858638336783,
        "scenario": "scheduled_rotation_forward",
        "selected_cost": 581932169.1931467,
        "selected_patients_lost": 420.4,
        "selected_service": 0.4688682416411062,
        "state_id": "scheduled_rotation_forward__g99700002__t004",
        "state_index": 12
      },
      {
        "baseline_cost": 621928893.8640883,
        "baseline_patients_lost": 480.8,
        "baseline_service": 0.49553003047567046,
        "candidate": "f04_decrease_0.10",
        "clinical_noninferior": true,
        "epoch": 8,
        "generation_seed": 99700002,
        "material": false,
        "relative_saving": 0.00321223883430234,
        "scenario": "scheduled_rotation_forward",
        "selected_cost": 619931109.7190434,
        "selected_patients_lost": 479.4,
        "selected_service": 0.4963183178613539,
        "state_id": "scheduled_rotation_forward__g99700002__t008",
        "state_index": 13
      },
      {
        "baseline_cost": 626853026.1712276,
        "baseline_patients_lost": 465.0,
        "baseline_service": 0.5093467075090762,
        "candidate": "f04_decrease_0.10",
        "clinical_noninferior": true,
        "epoch": 12,
        "generation_seed": 99700002,
        "material": false,
        "relative_saving": 0.0015620264391088218,
        "scenario": "scheduled_rotation_forward",
        "selected_cost": 625873865.1709127,
        "selected_patients_lost": 464.2,
        "selected_service": 0.5096086994010491,
        "state_id": "scheduled_rotation_forward__g99700002__t012",
        "state_index": 14
      },
      {
        "baseline_cost": 885707422.967878,
        "baseline_patients_lost": 726.2,
        "baseline_service": 0.4923161618379173,
        "candidate": "f01_decrease_0.05",
        "clinical_noninferior": true,
        "epoch": 16,
        "generation_seed": 99700002,
        "material": false,
        "relative_saving": 0.0007443657007680977,
        "scenario": "scheduled_rotation_forward",
        "selected_cost": 885048132.741305,
        "selected_patients_lost": 725.4,
        "selected_service": 0.4925837951167903,
        "state_id": "scheduled_rotation_forward__g99700002__t016",
        "state_index": 15
      },
      {
        "baseline_cost": 731765793.1092975,
        "baseline_patients_lost": 588.6,
        "baseline_service": 0.5268269869548449,
        "candidate": "f04_decrease_0.05",
        "clinical_noninferior": true,
        "epoch": 24,
        "generation_seed": 99700002,
        "material": false,
        "relative_saving": 0.0015508327906960805,
        "scenario": "scheduled_rotation_forward",
        "selected_cost": 730630946.7222339,
        "selected_patients_lost": 587.8,
        "selected_service": 0.5272429355147337,
        "state_id": "scheduled_rotation_forward__g99700002__t024",
        "state_index": 16
      },
      {
        "baseline_cost": 842389099.0939147,
        "baseline_patients_lost": 720.4,
        "baseline_service": 0.5358413399971553,
        "candidate": "f02_decrease_0.10",
        "clinical_noninferior": true,
        "epoch": 32,
        "generation_seed": 99700002,
        "material": false,
        "relative_saving": 0.0017378479813815848,
        "scenario": "scheduled_rotation_forward",
        "selected_cost": 840925154.8985165,
        "selected_patients_lost": 719.2,
        "selected_service": 0.5361199474224174,
        "state_id": "scheduled_rotation_forward__g99700002__t032",
        "state_index": 17
      },
      {
        "baseline_cost": 596391816.5827035,
        "baseline_patients_lost": 395.6,
        "baseline_service": 0.45651558697542305,
        "candidate": "f03_increase_0.05",
        "clinical_noninferior": true,
        "epoch": 4,
        "generation_seed": 99700000,
        "material": false,
        "relative_saving": 0.0025041759515002635,
        "scenario": "scheduled_rotation_reverse",
        "selected_cost": 594898346.5379455,
        "selected_patients_lost": 393.4,
        "selected_service": 0.45767005725873605,
        "state_id": "scheduled_rotation_reverse__g99700000__t004",
        "state_index": 18
      },
      {
        "baseline_cost": 806248386.4671968,
        "baseline_patients_lost": 692.6,
        "baseline_service": 0.4814097875976766,
        "candidate": "f17_increase_0.10",
        "clinical_noninferior": true,
        "epoch": 8,
        "generation_seed": 99700000,
        "material": false,
        "relative_saving": 0.0012895741351783053,
        "scenario": "scheduled_rotation_reverse",
        "selected_cost": 805208669.4014795,
        "selected_patients_lost": 691.2,
        "selected_service": 0.4824969314979282,
        "state_id": "scheduled_rotation_reverse__g99700000__t008",
        "state_index": 19
      },
      {
        "baseline_cost": 816813035.6319854,
        "baseline_patients_lost": 732.2,
        "baseline_service": 0.49162121728453345,
        "candidate": "f02_increase_0.05",
        "clinical_noninferior": true,
        "epoch": 12,
        "generation_seed": 99700000,
        "material": false,
        "relative_saving": 0.00026114206114445437,
        "scenario": "scheduled_rotation_reverse",
        "selected_cost": 816599731.3922908,
        "selected_patients_lost": 731.6,
        "selected_service": 0.49192673343555937,
        "state_id": "scheduled_rotation_reverse__g99700000__t012",
        "state_index": 20
      },
      {
        "baseline_cost": 711364344.812199,
        "baseline_patients_lost": 578.2,
        "baseline_service": 0.5157590240370901,
        "candidate": "f13_increase_0.05",
        "clinical_noninferior": false,
        "epoch": 16,
        "generation_seed": 99700000,
        "material": false,
        "relative_saving": -0.0005690217474917519,
        "scenario": "scheduled_rotation_reverse",
        "selected_cost": 711769126.5947874,
        "selected_patients_lost": 579.2,
        "selected_service": 0.5155460169184225,
        "state_id": "scheduled_rotation_reverse__g99700000__t016",
        "state_index": 21
      },
      {
        "baseline_cost": 1029932891.0204136,
        "baseline_patients_lost": 861.2,
        "baseline_service": 0.4998592310022557,
        "candidate": "f02_decrease_0.05",
        "clinical_noninferior": true,
        "epoch": 24,
        "generation_seed": 99700000,
        "material": false,
        "relative_saving": 0.0007177870951146447,
        "scenario": "scheduled_rotation_reverse",
        "selected_cost": 1029193618.4824051,
        "selected_patients_lost": 860.6,
        "selected_service": 0.4999792106741309,
        "state_id": "scheduled_rotation_reverse__g99700000__t024",
        "state_index": 22
      },
      {
        "baseline_cost": 800809230.0698326,
        "baseline_patients_lost": 657.4,
        "baseline_service": 0.5324076646776347,
        "candidate": "f00_decrease_0.10",
        "clinical_noninferior": true,
        "epoch": 32,
        "generation_seed": 99700000,
        "material": false,
        "relative_saving": 0.002728701178794237,
        "scenario": "scheduled_rotation_reverse",
        "selected_cost": 798624060.9797517,
        "selected_patients_lost": 655.6,
        "selected_service": 0.5328419991717332,
        "state_id": "scheduled_rotation_reverse__g99700000__t032",
        "state_index": 23
      },
      {
        "baseline_cost": 460638299.18852913,
        "baseline_patients_lost": 247.4,
        "baseline_service": 0.49388943319237033,
        "candidate": "f07_increase_0.10",
        "clinical_noninferior": false,
        "epoch": 4,
        "generation_seed": 99700001,
        "material": false,
        "relative_saving": 0.0007790793144595845,
        "scenario": "scheduled_rotation_reverse",
        "selected_cost": 460279425.4181835,
        "selected_patients_lost": 248.0,
        "selected_service": 0.49449208943038114,
        "state_id": "scheduled_rotation_reverse__g99700001__t004",
        "state_index": 24
      },
      {
        "baseline_cost": 736864658.4687395,
        "baseline_patients_lost": 551.4,
        "baseline_service": 0.48960012969622496,
        "candidate": "f18_increase_0.10",
        "clinical_noninferior": true,
        "epoch": 8,
        "generation_seed": 99700001,
        "material": false,
        "relative_saving": 0.001749032506204506,
        "scenario": "scheduled_rotation_reverse",
        "selected_cost": 735575858.2284044,
        "selected_patients_lost": 549.4,
        "selected_service": 0.4905322698776235,
        "state_id": "scheduled_rotation_reverse__g99700001__t008",
        "state_index": 25
      },
      {
        "baseline_cost": 874287513.1882604,
        "baseline_patients_lost": 764.4,
        "baseline_service": 0.5010711213086532,
        "candidate": "f10_decrease_0.10",
        "clinical_noninferior": true,
        "epoch": 12,
        "generation_seed": 99700001,
        "material": false,
        "relative_saving": 0.0017274074613320652,
        "scenario": "scheduled_rotation_reverse",
        "selected_cost": 872777262.4146296,
        "selected_patients_lost": 763.6,
        "selected_service": 0.5015762584841317,
        "state_id": "scheduled_rotation_reverse__g99700001__t012",
        "state_index": 26
      },
      {
        "baseline_cost": 706736780.678644,
        "baseline_patients_lost": 565.0,
        "baseline_service": 0.533273180618767,
        "candidate": "f19_decrease_0.05",
        "clinical_noninferior": true,
        "epoch": 16,
        "generation_seed": 99700001,
        "material": false,
        "relative_saving": 0.0013080952915501044,
        "scenario": "scheduled_rotation_reverse",
        "selected_cost": 705812301.6234729,
        "selected_patients_lost": 563.6,
        "selected_service": 0.5337226368413874,
        "state_id": "scheduled_rotation_reverse__g99700001__t016",
        "state_index": 27
      },
      {
        "baseline_cost": 833134194.2384287,
        "baseline_patients_lost": 670.0,
        "baseline_service": 0.5305471607794402,
        "candidate": "f03_decrease_0.10",
        "clinical_noninferior": false,
        "epoch": 24,
        "generation_seed": 99700001,
        "material": false,
        "relative_saving": 0.00031938549421573,
        "scenario": "scheduled_rotation_reverse",
        "selected_cost": 832868103.2620538,
        "selected_patients_lost": 670.8,
        "selected_service": 0.5304582982264177,
        "state_id": "scheduled_rotation_reverse__g99700001__t024",
        "state_index": 28
      },
      {
        "baseline_cost": 1080804861.0986447,
        "baseline_patients_lost": 984.8,
        "baseline_service": 0.5090050316351247,
        "candidate": "f02_decrease_0.10",
        "clinical_noninferior": true,
        "epoch": 32,
        "generation_seed": 99700001,
        "material": false,
        "relative_saving": 0.002617262080532249,
        "scenario": "scheduled_rotation_reverse",
        "selected_cost": 1077976111.5192363,
        "selected_patients_lost": 981.6,
        "selected_service": 0.5096744947351801,
        "state_id": "scheduled_rotation_reverse__g99700001__t032",
        "state_index": 29
      },
      {
        "baseline_cost": 491104359.39005387,
        "baseline_patients_lost": 295.2,
        "baseline_service": 0.4865589010799761,
        "candidate": "f02_decrease_0.10",
        "clinical_noninferior": false,
        "epoch": 4,
        "generation_seed": 99700002,
        "material": false,
        "relative_saving": 0.0009225805842451454,
        "scenario": "scheduled_rotation_reverse",
        "selected_cost": 490651276.04324245,
        "selected_patients_lost": 295.4,
        "selected_service": 0.4867684590600273,
        "state_id": "scheduled_rotation_reverse__g99700002__t004",
        "state_index": 30
      },
      {
        "baseline_cost": 637674600.0973918,
        "baseline_patients_lost": 480.0,
        "baseline_service": 0.5137507160279069,
        "candidate": "f04_decrease_0.05",
        "clinical_noninferior": true,
        "epoch": 8,
        "generation_seed": 99700002,
        "material": false,
        "relative_saving": 0.0021648288743937594,
        "scenario": "scheduled_rotation_reverse",
        "selected_cost": 636294143.7106335,
        "selected_patients_lost": 479.2,
        "selected_service": 0.5146292093040895,
        "state_id": "scheduled_rotation_reverse__g99700002__t008",
        "state_index": 31
      },
      {
        "baseline_cost": 753160827.0751277,
        "baseline_patients_lost": 618.2,
        "baseline_service": 0.5108045441183459,
        "candidate": "f13_decrease_0.10",
        "clinical_noninferior": true,
        "epoch": 12,
        "generation_seed": 99700002,
        "material": false,
        "relative_saving": 0.001472157382243302,
        "scenario": "scheduled_rotation_reverse",
        "selected_cost": 752052055.8035326,
        "selected_patients_lost": 618.0,
        "selected_service": 0.5111975200724265,
        "state_id": "scheduled_rotation_reverse__g99700002__t012",
        "state_index": 32
      },
      {
        "baseline_cost": 789127856.0324912,
        "baseline_patients_lost": 642.0,
        "baseline_service": 0.5170061466874836,
        "candidate": "f03_increase_0.05",
        "clinical_noninferior": true,
        "epoch": 16,
        "generation_seed": 99700002,
        "material": false,
        "relative_saving": 0.0014648255866588525,
        "scenario": "scheduled_rotation_reverse",
        "selected_cost": 787971921.3578296,
        "selected_patients_lost": 640.2,
        "selected_service": 0.5176092086395071,
        "state_id": "scheduled_rotation_reverse__g99700002__t016",
        "state_index": 33
      },
      {
        "baseline_cost": 877050122.2520797,
        "baseline_patients_lost": 748.8,
        "baseline_service": 0.5252380649555122,
        "candidate": "f10_increase_0.05",
        "clinical_noninferior": true,
        "epoch": 24,
        "generation_seed": 99700002,
        "material": false,
        "relative_saving": 0.0008872244707444743,
        "scenario": "scheduled_rotation_reverse",
        "selected_cost": 876271981.9215482,
        "selected_patients_lost": 747.4,
        "selected_service": 0.5254976205946214,
        "state_id": "scheduled_rotation_reverse__g99700002__t024",
        "state_index": 34
      },
      {
        "baseline_cost": 791414902.5068135,
        "baseline_patients_lost": 629.6,
        "baseline_service": 0.5292578732156938,
        "candidate": "f01_decrease_0.10",
        "clinical_noninferior": true,
        "epoch": 32,
        "generation_seed": 99700002,
        "material": false,
        "relative_saving": 0.0035042454290010253,
        "scenario": "scheduled_rotation_reverse",
        "selected_cost": 788641590.4522607,
        "selected_patients_lost": 628.0,
        "selected_service": 0.5299173369425031,
        "state_id": "scheduled_rotation_reverse__g99700002__t032",
        "state_index": 35
      },
      {
        "baseline_cost": 688925122.2791634,
        "baseline_patients_lost": 515.8,
        "baseline_service": 0.413571587776702,
        "candidate": "f14_increase_0.10",
        "clinical_noninferior": true,
        "epoch": 4,
        "generation_seed": 99700000,
        "material": false,
        "relative_saving": 0.0026659002229056407,
        "scenario": "scheduled_rotation_slower_noisy",
        "selected_cost": 687088516.642114,
        "selected_patients_lost": 513.4,
        "selected_service": 0.4147486372337469,
        "state_id": "scheduled_rotation_slower_noisy__g99700000__t004",
        "state_index": 36
      },
      {
        "baseline_cost": 854297611.5857805,
        "baseline_patients_lost": 715.0,
        "baseline_service": 0.4363392087673758,
        "candidate": "f11_increase_0.10",
        "clinical_noninferior": true,
        "epoch": 8,
        "generation_seed": 99700000,
        "material": false,
        "relative_saving": 0.0007311847512891429,
        "scenario": "scheduled_rotation_slower_noisy",
        "selected_cost": 853672962.1991262,
        "selected_patients_lost": 714.0,
        "selected_service": 0.43679372610305317,
        "state_id": "scheduled_rotation_slower_noisy__g99700000__t008",
        "state_index": 37
      },
      {
        "baseline_cost": 994584480.2672514,
        "baseline_patients_lost": 895.6,
        "baseline_service": 0.4282491436832639,
        "candidate": "f14_increase_0.10",
        "clinical_noninferior": true,
        "epoch": 12,
        "generation_seed": 99700000,
        "material": false,
        "relative_saving": 0.0015664779132431345,
        "scenario": "scheduled_rotation_slower_noisy",
        "selected_cost": 993026485.6460583,
        "selected_patients_lost": 893.4,
        "selected_service": 0.4287392397299457,
        "state_id": "scheduled_rotation_slower_noisy__g99700000__t012",
        "state_index": 38
      },
      {
        "baseline_cost": 939478468.255936,
        "baseline_patients_lost": 885.8,
        "baseline_service": 0.44037037252954325,
        "candidate": "f04_decrease_0.10",
        "clinical_noninferior": true,
        "epoch": 16,
        "generation_seed": 99700000,
        "material": false,
        "relative_saving": 0.00342592665491254,
        "scenario": "scheduled_rotation_slower_noisy",
        "selected_cost": 936259883.9298216,
        "selected_patients_lost": 881.6,
        "selected_service": 0.4413452711391693,
        "state_id": "scheduled_rotation_slower_noisy__g99700000__t016",
        "state_index": 39
      },
      {
        "baseline_cost": 778655181.8027132,
        "baseline_patients_lost": 636.2,
        "baseline_service": 0.47612435628137584,
        "candidate": "f02_increase_0.05",
        "clinical_noninferior": true,
        "epoch": 24,
        "generation_seed": 99700000,
        "material": false,
        "relative_saving": 0.0007919531544995453,
        "scenario": "scheduled_rotation_slower_noisy",
        "selected_cost": 778038523.3752171,
        "selected_patients_lost": 635.6,
        "selected_service": 0.4764108547672693,
        "state_id": "scheduled_rotation_slower_noisy__g99700000__t024",
        "state_index": 40
      },
      {
        "baseline_cost": 623498656.8754878,
        "baseline_patients_lost": 437.2,
        "baseline_service": 0.5213991970539202,
        "candidate": "f01_decrease_0.05",
        "clinical_noninferior": true,
        "epoch": 32,
        "generation_seed": 99700000,
        "material": false,
        "relative_saving": 0.003317575383357931,
        "scenario": "scheduled_rotation_slower_noisy",
        "selected_cost": 621430153.079881,
        "selected_patients_lost": 435.6,
        "selected_service": 0.5219664484160988,
        "state_id": "scheduled_rotation_slower_noisy__g99700000__t032",
        "state_index": 41
      },
      {
        "baseline_cost": 665125533.9735231,
        "baseline_patients_lost": 475.4,
        "baseline_service": 0.4077745830944973,
        "candidate": "f14_increase_0.05",
        "clinical_noninferior": true,
        "epoch": 4,
        "generation_seed": 99700001,
        "material": false,
        "relative_saving": 0.0024468047135866823,
        "scenario": "scheduled_rotation_slower_noisy",
        "selected_cost": 663498101.6818699,
        "selected_patients_lost": 473.2,
        "selected_service": 0.4088508412934878,
        "state_id": "scheduled_rotation_slower_noisy__g99700001__t004",
        "state_index": 42
      },
      {
        "baseline_cost": 788338267.5375171,
        "baseline_patients_lost": 676.0,
        "baseline_service": 0.4528886278686398,
        "candidate": "f07_increase_0.10",
        "clinical_noninferior": false,
        "epoch": 8,
        "generation_seed": 99700001,
        "material": false,
        "relative_saving": 0.0012051523256256904,
        "scenario": "scheduled_rotation_slower_noisy",
        "selected_cost": 787388199.8410145,
        "selected_patients_lost": 676.2,
        "selected_service": 0.45334628418977896,
        "state_id": "scheduled_rotation_slower_noisy__g99700001__t008",
        "state_index": 43
      },
      {
        "baseline_cost": 967366857.5707506,
        "baseline_patients_lost": 860.4,
        "baseline_service": 0.43246839113408353,
        "candidate": "f03_decrease_0.10",
        "clinical_noninferior": true,
        "epoch": 12,
        "generation_seed": 99700001,
        "material": false,
        "relative_saving": 0.0029927430660987883,
        "scenario": "scheduled_rotation_slower_noisy",
        "selected_cost": 964471777.115382,
        "selected_patients_lost": 857.8,
        "selected_service": 0.4335996454541776,
        "state_id": "scheduled_rotation_slower_noisy__g99700001__t012",
        "state_index": 44
      },
      {
        "baseline_cost": 932379383.6852818,
        "baseline_patients_lost": 864.8,
        "baseline_service": 0.4531304447628604,
        "candidate": "f04_decrease_0.10",
        "clinical_noninferior": true,
        "epoch": 16,
        "generation_seed": 99700001,
        "material": false,
        "relative_saving": 0.003273349236491218,
        "scenario": "scheduled_rotation_slower_noisy",
        "selected_cost": 929327380.3415754,
        "selected_patients_lost": 861.8,
        "selected_service": 0.4542741330739447,
        "state_id": "scheduled_rotation_slower_noisy__g99700001__t016",
        "state_index": 45
      },
      {
        "baseline_cost": 772486810.6536021,
        "baseline_patients_lost": 661.2,
        "baseline_service": 0.48328391268188076,
        "candidate": "f01_increase_0.05",
        "clinical_noninferior": true,
        "epoch": 24,
        "generation_seed": 99700001,
        "material": false,
        "relative_saving": 0.0009981224621941655,
        "scenario": "scheduled_rotation_slower_noisy",
        "selected_cost": 771715774.21614,
        "selected_patients_lost": 660.4,
        "selected_service": 0.4835392768300354,
        "state_id": "scheduled_rotation_slower_noisy__g99700001__t024",
        "state_index": 46
      },
      {
        "baseline_cost": 680920387.3183895,
        "baseline_patients_lost": 512.2,
        "baseline_service": 0.5134929527569607,
        "candidate": "f10_increase_0.05",
        "clinical_noninferior": true,
        "epoch": 32,
        "generation_seed": 99700001,
        "material": false,
        "relative_saving": 0.00059899590182028,
        "scenario": "scheduled_rotation_slower_noisy",
        "selected_cost": 680512518.79692,
        "selected_patients_lost": 511.4,
        "selected_service": 0.5135995578293058,
        "state_id": "scheduled_rotation_slower_noisy__g99700001__t032",
        "state_index": 47
      },
      {
        "baseline_cost": 698953329.7321384,
        "baseline_patients_lost": 501.6,
        "baseline_service": 0.4229579309808046,
        "candidate": "f12_increase_0.10",
        "clinical_noninferior": true,
        "epoch": 4,
        "generation_seed": 99700002,
        "material": false,
        "relative_saving": 0.0018706430472372716,
        "scenario": "scheduled_rotation_slower_noisy",
        "selected_cost": 697645837.5455316,
        "selected_patients_lost": 499.6,
        "selected_service": 0.42385425918898767,
        "state_id": "scheduled_rotation_slower_noisy__g99700002__t004",
        "state_index": 48
      },
      {
        "baseline_cost": 773711886.8162884,
        "baseline_patients_lost": 619.6,
        "baseline_service": 0.4567511080621257,
        "candidate": "f12_increase_0.10",
        "clinical_noninferior": true,
        "epoch": 8,
        "generation_seed": 99700002,
        "material": false,
        "relative_saving": 0.002280976852938943,
        "scenario": "scheduled_rotation_slower_noisy",
        "selected_cost": 771947067.9116167,
        "selected_patients_lost": 617.0,
        "selected_service": 0.4578507304381313,
        "state_id": "scheduled_rotation_slower_noisy__g99700002__t008",
        "state_index": 49
      },
      {
        "baseline_cost": 873635503.404849,
        "baseline_patients_lost": 744.6,
        "baseline_service": 0.457266465193871,
        "candidate": "f17_increase_0.10",
        "clinical_noninferior": true,
        "epoch": 12,
        "generation_seed": 99700002,
        "material": false,
        "relative_saving": 0.0021524184059179123,
        "scenario": "scheduled_rotation_slower_noisy",
        "selected_cost": 871755074.2672571,
        "selected_patients_lost": 743.6,
        "selected_service": 0.4579910018337955,
        "state_id": "scheduled_rotation_slower_noisy__g99700002__t012",
        "state_index": 50
      },
      {
        "baseline_cost": 1011027357.3771086,
        "baseline_patients_lost": 917.6,
        "baseline_service": 0.456302033972061,
        "candidate": "f03_decrease_0.10",
        "clinical_noninferior": true,
        "epoch": 16,
        "generation_seed": 99700002,
        "material": false,
        "relative_saving": 0.0012015673962545888,
        "scenario": "scheduled_rotation_slower_noisy",
        "selected_cost": 1009812539.8677628,
        "selected_patients_lost": 916.4,
        "selected_service": 0.4567045953311283,
        "state_id": "scheduled_rotation_slower_noisy__g99700002__t016",
        "state_index": 51
      },
      {
        "baseline_cost": 936811878.2370306,
        "baseline_patients_lost": 838.8,
        "baseline_service": 0.47500252739051413,
        "candidate": "f11_increase_0.10",
        "clinical_noninferior": true,
        "epoch": 24,
        "generation_seed": 99700002,
        "material": false,
        "relative_saving": 0.0036384154981558892,
        "scenario": "scheduled_rotation_slower_noisy",
        "selected_cost": 933403367.3803965,
        "selected_patients_lost": 833.4,
        "selected_service": 0.47631396430473405,
        "state_id": "scheduled_rotation_slower_noisy__g99700002__t024",
        "state_index": 52
      },
      {
        "baseline_cost": 840723777.4251461,
        "baseline_patients_lost": 741.0,
        "baseline_service": 0.4931868100927523,
        "candidate": "f05_increase_0.10",
        "clinical_noninferior": true,
        "epoch": 32,
        "generation_seed": 99700002,
        "material": false,
        "relative_saving": 0.001733497467249318,
        "scenario": "scheduled_rotation_slower_noisy",
        "selected_cost": 839266384.8863233,
        "selected_patients_lost": 738.6,
        "selected_service": 0.49345313849919636,
        "state_id": "scheduled_rotation_slower_noisy__g99700002__t032",
        "state_index": 53
      }
    ]
  },
  "provenance": {
    "config_path": "experiments/configs/intertemporal_residual_allocation_headroom_user_20260908.json",
    "config_sha256": "3469fd859561995da5e3e0bfaead28440c04df859e9e7a97403b4936c4397f4a",
    "parent_j2_summary": "results/intertemporal_shared_capacity_development/fixed_state_j2/summary.json",
    "parent_j2_summary_sha256": "3af63a13e770e12926f2f726e6ffc34585878ca85e89f529c285aca1bd2bbff4",
    "protocol_path": "specs/2026-09-02-intertemporal-residual-headroom/frozen_protocol.md",
    "protocol_sha256": "14bee66f9ac881d5c021613563b2bd7b634618b12728603992b5a99468e37232",
    "rows_sha256": "3548560337a805948831faba79eb40529dfc14b827959833f74c48e10b2eb224",
    "state_manifest_sha256": "d1a4003556fc8e9d1b312e64619e49d7e05c42074b0133bf213eaa73d66d3927"
  },
  "state_count": 54,
  "validation_row_count": 21870
}
